Archive member included to satisfy reference by file (symbol)

C:\Users\Akshay\Desktop\245\testworkspace\workspace\CMSIS_CORE_LPC17xx\Debug\libCMSIS_CORE_LPC17xx.a(system_LPC17xx.o)
                              ./src/cr_startup_lpc175x_6x.o (SystemInit)
c:/akshay/nxp/lpcxpresso_8.2.0_647/lpcxpresso/tools/bin/../lib/gcc/arm-none-eabi/5.3.1/../../../../arm-none-eabi/lib/armv7-m\libcr_semihost.a(_cr__main.o)
                              ./src/cr_startup_lpc175x_6x.o (__main)
c:/akshay/nxp/lpcxpresso_8.2.0_647/lpcxpresso/tools/bin/../lib/gcc/arm-none-eabi/5.3.1/../../../../arm-none-eabi/lib/armv7-m\libcr_c.a(alloc.o)
                              ./src/Lisa.o (malloc)
c:/akshay/nxp/lpcxpresso_8.2.0_647/lpcxpresso/tools/bin/../lib/gcc/arm-none-eabi/5.3.1/../../../../arm-none-eabi/lib/armv7-m\libcr_c.a(fpprintf.o)
                              ./src/Common.o (printf)
c:/akshay/nxp/lpcxpresso_8.2.0_647/lpcxpresso/tools/bin/../lib/gcc/arm-none-eabi/5.3.1/../../../../arm-none-eabi/lib/armv7-m\libcr_c.a(initio.o)
                              c:/akshay/nxp/lpcxpresso_8.2.0_647/lpcxpresso/tools/bin/../lib/gcc/arm-none-eabi/5.3.1/../../../../arm-none-eabi/lib/armv7-m\libcr_semihost.a(_cr__main.o) (_initio)
c:/akshay/nxp/lpcxpresso_8.2.0_647/lpcxpresso/tools/bin/../lib/gcc/arm-none-eabi/5.3.1/../../../../arm-none-eabi/lib/armv7-m\libcr_c.a(printf.o)
                              c:/akshay/nxp/lpcxpresso_8.2.0_647/lpcxpresso/tools/bin/../lib/gcc/arm-none-eabi/5.3.1/../../../../arm-none-eabi/lib/armv7-m\libcr_c.a(fpprintf.o) (__vfprintf)
c:/akshay/nxp/lpcxpresso_8.2.0_647/lpcxpresso/tools/bin/../lib/gcc/arm-none-eabi/5.3.1/../../../../arm-none-eabi/lib/armv7-m\libcr_c.a(scanf.o)
                              ./src/Lisa.o (scanf)
c:/akshay/nxp/lpcxpresso_8.2.0_647/lpcxpresso/tools/bin/../lib/gcc/arm-none-eabi/5.3.1/../../../../arm-none-eabi/lib/armv7-m\libcr_c.a(setvbuf.o)
                              c:/akshay/nxp/lpcxpresso_8.2.0_647/lpcxpresso/tools/bin/../lib/gcc/arm-none-eabi/5.3.1/../../../../arm-none-eabi/lib/armv7-m\libcr_c.a(initio.o) (setvbuf)
c:/akshay/nxp/lpcxpresso_8.2.0_647/lpcxpresso/tools/bin/../lib/gcc/arm-none-eabi/5.3.1/../../../../arm-none-eabi/lib/armv7-m\libcr_c.a(stdio.o)
                              c:/akshay/nxp/lpcxpresso_8.2.0_647/lpcxpresso/tools/bin/../lib/gcc/arm-none-eabi/5.3.1/../../../../arm-none-eabi/lib/armv7-m\libcr_c.a(fpprintf.o) (__Ciob)
c:/akshay/nxp/lpcxpresso_8.2.0_647/lpcxpresso/tools/bin/../lib/gcc/arm-none-eabi/5.3.1/../../../../arm-none-eabi/lib/armv7-m\libcr_c.a(strlen.o)
                              ./src/Lisa.o (strlen)
c:/akshay/nxp/lpcxpresso_8.2.0_647/lpcxpresso/tools/bin/../lib/gcc/arm-none-eabi/5.3.1/../../../../arm-none-eabi/lib/armv7-m\libcr_c.a(strncpy.o)
                              ./src/ReceiverSource.o (strncpy)
c:/akshay/nxp/lpcxpresso_8.2.0_647/lpcxpresso/tools/bin/../lib/gcc/arm-none-eabi/5.3.1/../../../../arm-none-eabi/lib/armv7-m\libcr_c.a(ungetc.o)
                              c:/akshay/nxp/lpcxpresso_8.2.0_647/lpcxpresso/tools/bin/../lib/gcc/arm-none-eabi/5.3.1/../../../../arm-none-eabi/lib/armv7-m\libcr_c.a(scanf.o) (ungetc)
c:/akshay/nxp/lpcxpresso_8.2.0_647/lpcxpresso/tools/bin/../lib/gcc/arm-none-eabi/5.3.1/../../../../arm-none-eabi/lib/armv7-m\libcr_c.a(memcpy.o)
                              c:/akshay/nxp/lpcxpresso_8.2.0_647/lpcxpresso/tools/bin/../lib/gcc/arm-none-eabi/5.3.1/../../../../arm-none-eabi/lib/armv7-m\libcr_c.a(alloc.o) (memcpy)
c:/akshay/nxp/lpcxpresso_8.2.0_647/lpcxpresso/tools/bin/../lib/gcc/arm-none-eabi/5.3.1/../../../../arm-none-eabi/lib/armv7-m\libcr_c.a(memset.o)
                              c:/akshay/nxp/lpcxpresso_8.2.0_647/lpcxpresso/tools/bin/../lib/gcc/arm-none-eabi/5.3.1/../../../../arm-none-eabi/lib/armv7-m\libcr_c.a(alloc.o) (memset)
c:/akshay/nxp/lpcxpresso_8.2.0_647/lpcxpresso/tools/bin/../lib/gcc/arm-none-eabi/5.3.1/../../../../arm-none-eabi/lib/armv7-m\libcr_c.a(__fillbuf.o)
                              c:/akshay/nxp/lpcxpresso_8.2.0_647/lpcxpresso/tools/bin/../lib/gcc/arm-none-eabi/5.3.1/../../../../arm-none-eabi/lib/armv7-m\libcr_c.a(scanf.o) (__filbuf)
c:/akshay/nxp/lpcxpresso_8.2.0_647/lpcxpresso/tools/bin/../lib/gcc/arm-none-eabi/5.3.1/../../../../arm-none-eabi/lib/armv7-m\libcr_c.a(__init_alloc.o)
                              c:/akshay/nxp/lpcxpresso_8.2.0_647/lpcxpresso/tools/bin/../lib/gcc/arm-none-eabi/5.3.1/../../../../arm-none-eabi/lib/armv7-m\libcr_c.a(alloc.o) (__heaps)
c:/akshay/nxp/lpcxpresso_8.2.0_647/lpcxpresso/tools/bin/../lib/gcc/arm-none-eabi/5.3.1/../../../../arm-none-eabi/lib/armv7-m\libcr_c.a(_cr_sbrk.o)
                              c:/akshay/nxp/lpcxpresso_8.2.0_647/lpcxpresso/tools/bin/../lib/gcc/arm-none-eabi/5.3.1/../../../../arm-none-eabi/lib/armv7-m\libcr_c.a(alloc.o) (_sbrk)
c:/akshay/nxp/lpcxpresso_8.2.0_647/lpcxpresso/tools/bin/../lib/gcc/arm-none-eabi/5.3.1/../../../../arm-none-eabi/lib/armv7-m\libcr_c.a(_deferredlazyseek.o)
[...]
Memory Configuration

Name             Origin             Length             Attributes
MFlash512        0x00000000         0x00080000         xr
RamLoc32         0x10000000         0x00008000         xrw
RamAHB32         0x2007c000         0x00008000         xrw
*default*        0x00000000         0xffffffff

Linker script and memory map

LOAD ./src/Common.o
LOAD ./src/Lisa.o
LOAD ./src/ReceiverSource.o
LOAD ./src/TransmitterSource.o
LOAD ./src/cr_startup_lpc175x_6x.o
LOAD ./src/crp.o
LOAD C:\Users\Akshay\Desktop\245\testworkspace\workspace\CMSIS_CORE_LPC17xx\Debug\libCMSIS_CORE_LPC17xx.a
LOAD C:\Users\Akshay\Desktop\245\testworkspace\workspace\CMSIS_DSPLIB_CM3\lib\libCMSIS_DSPLIB_CM3.a
START GROUP
LOAD c:/akshay/nxp/lpcxpresso_8.2.0_647/lpcxpresso/tools/bin/../lib/gcc/arm-none-eabi/5.3.1/../../../../arm-none-eabi/lib/armv7-m\libcr_semihost.a
LOAD c:/akshay/nxp/lpcxpresso_8.2.0_647/lpcxpresso/tools/bin/../lib/gcc/arm-none-eabi/5.3.1/../../../../arm-none-eabi/lib/armv7-m\libcr_c.a
LOAD c:/akshay/nxp/lpcxpresso_8.2.0_647/lpcxpresso/tools/bin/../lib/gcc/arm-none-eabi/5.3.1/armv7-m\libcr_eabihelpers.a
END GROUP
                0x00000000                __base_MFlash512 = 0x0
                0x00000000                __base_Flash = 0x0
                0x00080000                __top_MFlash512 = 0x80000
                0x00080000                __top_Flash = 0x80000
                0x10000000                __base_RamLoc32 = 0x10000000
                0x10000000                __base_RAM = 0x10000000
                0x10008000                __top_RamLoc32 = 0x10008000
                0x10008000                __top_RAM = 0x10008000
                0x2007c000                __base_RamAHB32 = 0x2007c000
                0x2007c000                __base_RAM2 = 0x2007c000
                0x20084000                __top_RamAHB32 = 0x20084000
                0x20084000                __top_RAM2 = 0x20084000

.text           0x00000000     0x47e8
 FILL mask 0xff
                0x00000000                __vectors_start__ = ABSOLUTE (.)
 *(.isr_vector)
 .isr_vector    0x00000000       0xcc ./src/cr_startup_lpc175x_6x.o
                0x00000000                g_pfnVectors
                0x000000cc                . = ALIGN (0x4)
                0x000000cc                __section_table_start = .
                0x000000cc                __data_section_table = .
                0x000000cc        0x4 LONG 0x47e8 LOADADDR (.data)
                0x000000d0        0x4 LONG 0x10000000 ADDR (.data)
                0x000000d4        0x4 LONG 0x20 SIZEOF (.data)
                0x000000d8        0x4 LONG 0x47e8 LOADADDR (.data_RAM2)
                0x000000dc        0x4 LONG 0x2007c000 ADDR (.data_RAM2)
                0x000000e0        0x4 LONG 0x0 SIZEOF (.data_RAM2)
                0x000000e4                __data_section_table_end = .
                0x000000e4                __bss_section_table = .
                0x000000e4        0x4 LONG 0x10000020 ADDR (.bss)
                0x000000e8        0x4 LONG 0xdb4 SIZEOF (.bss)
                0x000000ec        0x4 LONG 0x2007c000 ADDR (.bss_RAM2)
                0x000000f0        0x4 LONG 0x0 SIZEOF (.bss_RAM2)
                0x000000f4                __bss_section_table_end = .
                0x000000f4                __section_table_end = .
 *(.after_vectors*)
 .after_vectors
                0x000000f4      0x144 ./src/cr_startup_lpc175x_6x.o
                0x000000f4                data_init
                0x00000138                bss_init
                0x00000170                ResetISR
                0x000001e8                NMI_Handler
                0x000001f0                HardFault_Handler
                0x000001f8                MemManage_Handler
                0x00000200                BusFault_Handler
                0x00000208                UsageFault_Handler
                0x00000210                SVC_Handler
                0x00000218                DebugMon_Handler
                0x00000220                PendSV_Handler
                0x00000228                SysTick_Handler
                0x00000230                EINT3_IRQHandler
                0x00000230                CANActivity_IRQHandler
                0x00000230                TIMER3_IRQHandler
                0x00000230                UART0_IRQHandler
                0x00000230                UART1_IRQHandler
                0x00000230                EINT2_IRQHandler
                0x00000230                USBActivity_IRQHandler
                0x00000230                IntDefaultHandler
                0x00000230                PLL0_IRQHandler
                0x00000230                I2C0_IRQHandler
                0x00000230                I2C1_IRQHandler
                0x00000230                SSP0_IRQHandler
                0x00000230                I2S_IRQHandler
                0x00000230                I2C2_IRQHandler
                0x00000230                RTC_IRQHandler
                0x00000230                SPI_IRQHandler
                0x00000230                RIT_IRQHandler
                0x00000230                EINT1_IRQHandler
                0x00000230                TIMER1_IRQHandler
                0x00000230                UART2_IRQHandler
                0x00000230                ADC_IRQHandler
                0x00000230                SSP1_IRQHandler
                0x00000230                USB_IRQHandler
                0x00000230                BOD_IRQHandler
                0x00000230                PLL1_IRQHandler
                0x00000230                WDT_IRQHandler
                0x00000230                PWM1_IRQHandler
                0x00000230                QEI_IRQHandler
                0x00000230                EINT0_IRQHandler
                0x00000230                CAN_IRQHandler
                0x00000230                DMA_IRQHandler
                0x00000230                TIMER2_IRQHandler
                0x00000230                UART3_IRQHandler
                0x00000230                MCPWM_IRQHandler
                0x00000230                ENET_IRQHandler
                0x000002fc                . = 0x2fc
 *fill*         0x00000238       0xc4 ff
                0x000002fc                PROVIDE (__CRP_WORD_START__, .)
 *(.crp)
 .crp           0x000002fc        0x4 ./src/crp.o
                0x000002fc                CRP_WORD
                0x00000300                PROVIDE (__CRP_WORD_END__, .)
                0x00000001                ASSERT (! ((__CRP_WORD_START__ == __CRP_WORD_END__)), Linker CRP Enabled, but no CRP_WORD provided within application)
 *(.text*)
 .text.PrintData
                0x00000300       0x8c ./src/Common.o
                0x00000300                PrintData
 .text.ShiftRegister
                0x0000038c       0xd8 ./src/Common.o
                0x0000038c                ShiftRegister
 .text.NVIC_EnableIRQ
                0x00000464       0x30 ./src/Lisa.o
 .text.SetUpGPIOPins
                0x00000494       0x84 ./src/Lisa.o
                0x00000494                SetUpGPIOPins
 .text.SetUpTimer
                0x00000518       0x80 ./src/Lisa.o
                0x00000518                SetUpTimer
 .text.TIMER0_IRQHandler
                0x00000598       0x38 ./src/Lisa.o
                0x00000598                TIMER0_IRQHandler
 .text.main     0x000005d0      0x374 ./src/Lisa.o
                0x000005d0                main
 .text.ReceiveData
                0x00000944       0x90 ./src/ReceiverSource.o
                0x00000944                ReceiveData
 .text.FindMessage
                0x000009d4       0xe4 ./src/ReceiverSource.o
                0x000009d4                FindMessage
 .text.ProcessLISAOnReceivedData
                0x00000ab8      0x130 ./src/ReceiverSource.o
                0x00000ab8                ProcessLISAOnReceivedData
 .text.DescrambleReceivedData
                0x00000be8       0xe4 ./src/ReceiverSource.o
                0x00000be8                DescrambleReceivedData
 .text.CreateSyncStream
                0x00000ccc       0x98 ./src/TransmitterSource.o
                0x00000ccc                CreateSyncStream
 .text.AppendUserData
                0x00000d64       0x50 ./src/TransmitterSource.o
                0x00000d64                AppendUserData
 .text.TransmitData
                0x00000db4       0x68 ./src/TransmitterSource.o
                0x00000db4                TransmitData
 .text.ScrambleData
                0x00000e1c      0x114 ./src/TransmitterSource.o
                0x00000e1c                ScrambleData
 .text.SystemInit
                0x00000f30       0xe4 C:\Users\Akshay\Desktop\245\testworkspace\workspace\CMSIS_CORE_LPC17xx\Debug\libCMSIS_CORE_LPC17xx.a(system_LPC17xx.o)
                0x00000f30                SystemInit
 .text.__main   0x00001014       0x14 c:/akshay/nxp/lpcxpresso_8.2.0_647/lpcxpresso/tools/bin/../lib/gcc/arm-none-eabi/5.3.1/../../../../arm-none-eabi/lib/armv7-m\libcr_semihost.a(_cr__main.o)
                0x00001014                __CR_SEMIHOST
                0x00001014                __main
 .text.malloc   0x00001028       0xc8 c:/akshay/nxp/lpcxpresso_8.2.0_647/lpcxpresso/tools/bin/../lib/gcc/arm-none-eabi/5.3.1/../../../../arm-none-eabi/lib/armv7-m\libcr_c.a(alloc.o)
                0x00001028                malloc
 .text.free     0x000010f0       0x30 c:/akshay/nxp/lpcxpresso_8.2.0_647/lpcxpresso/tools/bin/../lib/gcc/arm-none-eabi/5.3.1/../../../../arm-none-eabi/lib/armv7-m\libcr_c.a(alloc.o)
                0x000010f0                free
 .text._Csys_alloc
                0x00001120       0x20 c:/akshay/nxp/lpcxpresso_8.2.0_647/lpcxpresso/tools/bin/../lib/gcc/arm-none-eabi/5.3.1/../../../../arm-none-eabi/lib/armv7-m\libcr_c.a(alloc.o)
                0x00001120                _Csys_alloc
 .text.fp_round
                0x00001140       0x4c c:/akshay/nxp/lpcxpresso_8.2.0_647/lpcxpresso/tools/bin/../lib/gcc/arm-none-eabi/5.3.1/../../../../arm-none-eabi/lib/armv7-m\libcr_c.a(fpprintf.o)
 .text.pr_dec.constprop.1
                0x0000118c       0x26 c:/akshay/nxp/lpcxpresso_8.2.0_647/lpcxpresso/tools/bin/../lib/gcc/arm-none-eabi/5.3.1/../../../../arm-none-eabi/lib/armv7-m\libcr_c.a(fpprintf.o)
 *fill*         0x000011b2        0x2 ff
 .text.sprintf  0x000011b4       0x6c c:/akshay/nxp/lpcxpresso_8.2.0_647/lpcxpresso/tools/bin/../lib/gcc/arm-none-eabi/5.3.1/../../../../arm-none-eabi/lib/armv7-m\libcr_c.a(fpprintf.o)
                0x000011b4                sprintf
 .text.fp_display
                0x00001220      0x8ec c:/akshay/nxp/lpcxpresso_8.2.0_647/lpcxpresso/tools/bin/../lib/gcc/arm-none-eabi/5.3.1/../../../../arm-none-eabi/lib/armv7-m\libcr_c.a(fpprintf.o)
 .text.vsnprintf
                0x00001b0c       0x5c c:/akshay/nxp/lpcxpresso_8.2.0_647/lpcxpresso/tools/bin/../lib/gcc/arm-none-eabi/5.3.1/../../../../arm-none-eabi/lib/armv7-m\libcr_c.a(fpprintf.o)
                0x00001b0c                vsnprintf
 .text.printf   0x00001b68       0x54 c:/akshay/nxp/lpcxpresso_8.2.0_647/lpcxpresso/tools/bin/../lib/gcc/arm-none-eabi/5.3.1/../../../../arm-none-eabi/lib/armv7-m\libcr_c.a(fpprintf.o)
                0x00001b68                printf
 .text._initio  0x00001bbc       0xa4 c:/akshay/nxp/lpcxpresso_8.2.0_647/lpcxpresso/tools/bin/../lib/gcc/arm-none-eabi/5.3.1/../../../../arm-none-eabi/lib/armv7-m\libcr_c.a(initio.o)
                0x00001bbc                _initio
 .text.__vfprintf
                0x00001c60      0xd28 c:/akshay/nxp/lpcxpresso_8.2.0_647/lpcxpresso/tools/bin/../lib/gcc/arm-none-eabi/5.3.1/../../../../arm-none-eabi/lib/armv7-m\libcr_c.a(printf.o)
                0x00001c60                __vfprintf
 .text.ch_val   0x00002988       0x30 c:/akshay/nxp/lpcxpresso_8.2.0_647/lpcxpresso/tools/bin/../lib/gcc/arm-none-eabi/5.3.1/../../../../arm-none-eabi/lib/armv7-m\libcr_c.a(scanf.o)
 .text.cr_rd_int
                0x000029b8      0x1bc c:/akshay/nxp/lpcxpresso_8.2.0_647/lpcxpresso/tools/bin/../lib/gcc/arm-none-eabi/5.3.1/../../../../arm-none-eabi/lib/armv7-m\libcr_c.a(scanf.o)
 *fill*         0x00002b74        0x4 ff
 .text.vfscanf  0x00002b78      0x8dc c:/akshay/nxp/lpcxpresso_8.2.0_647/lpcxpresso/tools/bin/../lib/gcc/arm-none-eabi/5.3.1/../../../../arm-none-eabi/lib/armv7-m\libcr_c.a(scanf.o)
                0x00002b78                vfscanf
 .text.scanf    0x00003454       0x20 c:/akshay/nxp/lpcxpresso_8.2.0_647/lpcxpresso/tools/bin/../lib/gcc/arm-none-eabi/5.3.1/../../../../arm-none-eabi/lib/armv7-m\libcr_c.a(scanf.o)
                0x00003454                scanf
 .text.setvbuf  0x00003474       0x40 c:/akshay/nxp/lpcxpresso_8.2.0_647/lpcxpresso/tools/bin/../lib/gcc/arm-none-eabi/5.3.1/../../../../arm-none-eabi/lib/armv7-m\libcr_c.a(setvbuf.o)
                0x00003474                setvbuf
 .text.strlen   0x000034b4       0x4a c:/akshay/nxp/lpcxpresso_8.2.0_647/lpcxpresso/tools/bin/../lib/gcc/arm-none-eabi/5.3.1/../../../../arm-none-eabi/lib/armv7-m\libcr_c.a(strlen.o)
                0x000034b4                strlen
 .text.ungetc   0x000034fe       0x38 c:/akshay/nxp/lpcxpresso_8.2.0_647/lpcxpresso/tools/bin/../lib/gcc/arm-none-eabi/5.3.1/../../../../arm-none-eabi/lib/armv7-m\libcr_c.a(ungetc.o)
                0x000034fe                ungetc
 .text.memset   0x00003536        0x4 c:/akshay/nxp/lpcxpresso_8.2.0_647/lpcxpresso/tools/bin/../lib/gcc/arm-none-eabi/5.3.1/../../../../arm-none-eabi/lib/armv7-m\libcr_c.a(memset.o)
                0x00003536                memset
 .text._Csys_read_
                0x0000353a       0x22 c:/akshay/nxp/lpcxpresso_8.2.0_647/lpcxpresso/tools/bin/../lib/gcc/arm-none-eabi/5.3.1/../../../../arm-none-eabi/lib/armv7-m\libcr_c.a(__fillbuf.o)
                0x0000353a                _Csys_read_
 .text.__filbuf
                0x0000355c      0x178 c:/akshay/nxp/lpcxpresso_8.2.0_647/lpcxpresso/tools/bin/../lib/gcc/arm-none-eabi/5.3.1/../../../../arm-none-eabi/lib/armv7-m\libcr_c.a(__fillbuf.o)
                0x0000355c                __filbuf
 .text._sbrk    0x000036d4       0x40 c:/akshay/nxp/lpcxpresso_8.2.0_647/lpcxpresso/tools/bin/../lib/gcc/arm-none-eabi/5.3.1/../../../../arm-none-eabi/lib/armv7-m\libcr_c.a(_cr_sbrk.o)
                0x000036d4                _sbrk
 .text._deferredlazyseek
                0x00003714       0x44 c:/akshay/nxp/lpcxpresso_8.2.0_647/lpcxpresso/tools/bin/../lib/gcc/arm-none-eabi/5.3.1/../../../../arm-none-eabi/lib/armv7-m\libcr_c.a(_deferredlazyseek.o)
                0x00003714                _deferredlazyseek
 .text.__flsbuf
                0x00003758      0x140 c:/akshay/nxp/lpcxpresso_8.2.0_647/lpcxpresso/tools/bin/../lib/gcc/arm-none-eabi/5.3.1/../../../../arm-none-eabi/lib/armv7-m\libcr_c.a(_deferredlazyseek.o)
                0x00003758                __flsbuf
 .text._fdopen  0x00003898       0x6a c:/akshay/nxp/lpcxpresso_8.2.0_647/lpcxpresso/tools/bin/../lib/gcc/arm-none-eabi/5.3.1/../../../../arm-none-eabi/lib/armv7-m\libcr_c.a(_fdopen.o)
                0x00003898                _fdopen
 .text._fflush  0x00003902       0x58 c:/akshay/nxp/lpcxpresso_8.2.0_647/lpcxpresso/tools/bin/../lib/gcc/arm-none-eabi/5.3.1/../../../../arm-none-eabi/lib/armv7-m\libcr_c.a(_fflush.o)
                0x00003902                _fflush
 .text._frexpl  0x0000395a       0x5a c:/akshay/nxp/lpcxpresso_8.2.0_647/lpcxpresso/tools/bin/../lib/gcc/arm-none-eabi/5.3.1/../../../../arm-none-eabi/lib/armv7-m\libcr_c.a(_frexpl.o)
                0x0000395a                _frexpl
 .text._ldexpl  0x000039b4       0x4c c:/akshay/nxp/lpcxpresso_8.2.0_647/lpcxpresso/tools/bin/../lib/gcc/arm-none-eabi/5.3.1/../../../../arm-none-eabi/lib/armv7-m\libcr_c.a(_ldexpl.o)
                0x000039b4                _ldexpl
 .text._Cwritebuf
                0x00003a00       0x68 c:/akshay/nxp/lpcxpresso_8.2.0_647/lpcxpresso/tools/bin/../lib/gcc/arm-none-eabi/5.3.1/../../../../arm-none-eabi/lib/armv7-m\libcr_c.a(_writebuf.o)
                0x00003a00                _Cwritebuf
 .text.fclose   0x00003a68       0x6c c:/akshay/nxp/lpcxpresso_8.2.0_647/lpcxpresso/tools/bin/../lib/gcc/arm-none-eabi/5.3.1/../../../../arm-none-eabi/lib/armv7-m\libcr_c.a(fclose.o)
                0x00003a68                fclose
 .text.fflush   0x00003ad4       0x30 c:/akshay/nxp/lpcxpresso_8.2.0_647/lpcxpresso/tools/bin/../lib/gcc/arm-none-eabi/5.3.1/../../../../arm-none-eabi/lib/armv7-m\libcr_c.a(fflush.o)
                0x00003ad4                fflush
 .text.fseek    0x00003b04      0x110 c:/akshay/nxp/lpcxpresso_8.2.0_647/lpcxpresso/tools/bin/../lib/gcc/arm-none-eabi/5.3.1/../../../../arm-none-eabi/lib/armv7-m\libcr_c.a(fseek.o)
                0x00003b04                fseek
 .text.ftell    0x00003c14       0x4c c:/akshay/nxp/lpcxpresso_8.2.0_647/lpcxpresso/tools/bin/../lib/gcc/arm-none-eabi/5.3.1/../../../../arm-none-eabi/lib/armv7-m\libcr_c.a(ftell.o)
                0x00003c14                ftell
 .text.remove   0x00003c60       0x14 c:/akshay/nxp/lpcxpresso_8.2.0_647/lpcxpresso/tools/bin/../lib/gcc/arm-none-eabi/5.3.1/../../../../arm-none-eabi/lib/armv7-m\libcr_c.a(remove.o)
                0x00003c60                remove
 .text.__check_heap_overflow
                0x00003c74       0x18 c:/akshay/nxp/lpcxpresso_8.2.0_647/lpcxpresso/tools/bin/../lib/gcc/arm-none-eabi/5.3.1/../../../../arm-none-eabi/lib/armv7-m\libcr_c.a(_cr_check_heap.o)
                0x00003c74                __check_heap_overflow
 .text._do_fflush
                0x00003c8c       0x44 c:/akshay/nxp/lpcxpresso_8.2.0_647/lpcxpresso/tools/bin/../lib/gcc/arm-none-eabi/5.3.1/../../../../arm-none-eabi/lib/armv7-m\libcr_c.a(_do_fflush.o)
                0x00003c8c                _do_fflush
 .text.__aeabi_dmul
                0x00003cd0      0x110 c:/akshay/nxp/lpcxpresso_8.2.0_647/lpcxpresso/tools/bin/../lib/gcc/arm-none-eabi/5.3.1/armv7-m\libcr_eabihelpers.a(double.o)
                0x00003cd0                __aeabi_dmul
 .text.__aeabi_ddiv
                0x00003de0      0x138 c:/akshay/nxp/lpcxpresso_8.2.0_647/lpcxpresso/tools/bin/../lib/gcc/arm-none-eabi/5.3.1/armv7-m\libcr_eabihelpers.a(double.o)
                0x00003de0                __aeabi_ddiv
 .text.__aeabi_dsub
                0x00003f18      0x1a0 c:/akshay/nxp/lpcxpresso_8.2.0_647/lpcxpresso/tools/bin/../lib/gcc/arm-none-eabi/5.3.1/armv7-m\libcr_eabihelpers.a(double.o)
                0x00003f18                __aeabi_dsub
 .text.__aeabi_dadd
                0x000040b8      0x10c c:/akshay/nxp/lpcxpresso_8.2.0_647/lpcxpresso/tools/bin/../lib/gcc/arm-none-eabi/5.3.1/armv7-m\libcr_eabihelpers.a(double.o)
                0x000040b8                __aeabi_dadd
 .text.__aeabi_d2f
                0x000041c4       0x54 c:/akshay/nxp/lpcxpresso_8.2.0_647/lpcxpresso/tools/bin/../lib/gcc/arm-none-eabi/5.3.1/armv7-m\libcr_eabihelpers.a(double.o)
                0x000041c4                __aeabi_d2f
 .text.__aeabi_d2iz
                0x00004218       0x40 c:/akshay/nxp/lpcxpresso_8.2.0_647/lpcxpresso/tools/bin/../lib/gcc/arm-none-eabi/5.3.1/armv7-m\libcr_eabihelpers.a(double.o)
                0x00004218                __aeabi_d2iz
 .text.__bhs_ui2d
                0x00004258       0x46 c:/akshay/nxp/lpcxpresso_8.2.0_647/lpcxpresso/tools/bin/../lib/gcc/arm-none-eabi/5.3.1/armv7-m\libcr_eabihelpers.a(double.o)
                0x00004258                __bhs_ui2d
 .text.__aeabi_i2d
                0x0000429e       0x10 c:/akshay/nxp/lpcxpresso_8.2.0_647/lpcxpresso/tools/bin/../lib/gcc/arm-none-eabi/5.3.1/armv7-m\libcr_eabihelpers.a(double.o)
                0x0000429e                __aeabi_i2d
 .text.__aeabi_dcmpeq
                0x000042ae       0x2c c:/akshay/nxp/lpcxpresso_8.2.0_647/lpcxpresso/tools/bin/../lib/gcc/arm-none-eabi/5.3.1/armv7-m\libcr_eabihelpers.a(double.o)
                0x000042ae                __aeabi_dcmpeq
 .text.__aeabi_dcmplt
                0x000042da       0x54 c:/akshay/nxp/lpcxpresso_8.2.0_647/lpcxpresso/tools/bin/../lib/gcc/arm-none-eabi/5.3.1/armv7-m\libcr_eabihelpers.a(double.o)
                0x000042da                __aeabi_dcmplt
 .text.__aeabi_dcmple
                0x0000432e       0x54 c:/akshay/nxp/lpcxpresso_8.2.0_647/lpcxpresso/tools/bin/../lib/gcc/arm-none-eabi/5.3.1/armv7-m\libcr_eabihelpers.a(double.o)
                0x0000432e                __aeabi_dcmple
 .text.__aeabi_dcmpge
                0x00004382       0x54 c:/akshay/nxp/lpcxpresso_8.2.0_647/lpcxpresso/tools/bin/../lib/gcc/arm-none-eabi/5.3.1/armv7-m\libcr_eabihelpers.a(double.o)
                0x00004382                __aeabi_dcmpge
 .text.__aeabi_memset_lowlevel
                0x000043d6       0x32 c:/akshay/nxp/lpcxpresso_8.2.0_647/lpcxpresso/tools/bin/../lib/gcc/arm-none-eabi/5.3.1/armv7-m\libcr_eabihelpers.a(memcpy.o)
                0x000043d6                __aeabi_lowlevel_memset
 .text.__sys_appexit
                0x00004408        0xc c:/akshay/nxp/lpcxpresso_8.2.0_647/lpcxpresso/tools/bin/../lib/gcc/arm-none-eabi/5.3.1/../../../../arm-none-eabi/lib/armv7-m\libcr_semihost.a(__sys_appexit.o)
                0x00004408                __sys_appexit
                0x00004408                __exit
 .text.__sys_close
                0x00004414        0xc c:/akshay/nxp/lpcxpresso_8.2.0_647/lpcxpresso/tools/bin/../lib/gcc/arm-none-eabi/5.3.1/../../../../arm-none-eabi/lib/armv7-m\libcr_semihost.a(__sys_close.o)
                0x00004414                __sys_close
 .text.__sys_flen
                0x00004420        0xc c:/akshay/nxp/lpcxpresso_8.2.0_647/lpcxpresso/tools/bin/../lib/gcc/arm-none-eabi/5.3.1/../../../../arm-none-eabi/lib/armv7-m\libcr_semihost.a(__sys_flen.o)
                0x00004420                __sys_flen
 .text.__sys_istty
                0x0000442c        0xc c:/akshay/nxp/lpcxpresso_8.2.0_647/lpcxpresso/tools/bin/../lib/gcc/arm-none-eabi/5.3.1/../../../../arm-none-eabi/lib/armv7-m\libcr_semihost.a(__sys_istty.o)
                0x0000442c                __sys_istty
 .text.__sys_read
                0x00004438        0xc c:/akshay/nxp/lpcxpresso_8.2.0_647/lpcxpresso/tools/bin/../lib/gcc/arm-none-eabi/5.3.1/../../../../arm-none-eabi/lib/armv7-m\libcr_semihost.a(__sys_read.o)
                0x00004438                __sys_read
 .text.__sys_readc
                0x00004444        0x8 c:/akshay/nxp/lpcxpresso_8.2.0_647/lpcxpresso/tools/bin/../lib/gcc/arm-none-eabi/5.3.1/../../../../arm-none-eabi/lib/armv7-m\libcr_semihost.a(__sys_readc.o)
                0x00004444                __sys_readc
                0x00004444                __readc
 .text.__sys_remove
                0x0000444c        0xc c:/akshay/nxp/lpcxpresso_8.2.0_647/lpcxpresso/tools/bin/../lib/gcc/arm-none-eabi/5.3.1/../../../../arm-none-eabi/lib/armv7-m\libcr_semihost.a(__sys_remove.o)
                0x0000444c                __sys_remove
 .text.__sys_seek
                0x00004458        0xc c:/akshay/nxp/lpcxpresso_8.2.0_647/lpcxpresso/tools/bin/../lib/gcc/arm-none-eabi/5.3.1/../../../../arm-none-eabi/lib/armv7-m\libcr_semihost.a(__sys_seek.o)
                0x00004458                __sys_seek
 .text.__sys_tmpnam
                0x00004464        0xc c:/akshay/nxp/lpcxpresso_8.2.0_647/lpcxpresso/tools/bin/../lib/gcc/arm-none-eabi/5.3.1/../../../../arm-none-eabi/lib/armv7-m\libcr_semihost.a(__sys_tmpnam.o)
                0x00004464                __sys_tmpnam
 .text.__sys_write
                0x00004470        0xc c:/akshay/nxp/lpcxpresso_8.2.0_647/lpcxpresso/tools/bin/../lib/gcc/arm-none-eabi/5.3.1/../../../../arm-none-eabi/lib/armv7-m\libcr_semihost.a(__sys_write.o)
                0x00004470                __sys_write
                0x00004470                __write
 *(.rodata .rodata.* .constdata .constdata.*)
 .rodata        0x0000447c        0xb ./src/Common.o
 *fill*         0x00004487        0x1 ff
 .rodata        0x00004488       0xff ./src/Lisa.o
 *fill*         0x00004587        0x1 ff
 .rodata        0x00004588       0x53 ./src/ReceiverSource.o
 .rodata.str1.1
                0x000045db       0x18 c:/akshay/nxp/lpcxpresso_8.2.0_647/lpcxpresso/tools/bin/../lib/gcc/arm-none-eabi/5.3.1/../../../../arm-none-eabi/lib/armv7-m\libcr_c.a(alloc.o)
 .rodata.str1.1
                0x000045f3       0x34 c:/akshay/nxp/lpcxpresso_8.2.0_647/lpcxpresso/tools/bin/../lib/gcc/arm-none-eabi/5.3.1/../../../../arm-none-eabi/lib/armv7-m\libcr_c.a(fpprintf.o)
                                 0x35 (size before relaxing)
 .rodata.str1.1
                0x00004627        0x4 c:/akshay/nxp/lpcxpresso_8.2.0_647/lpcxpresso/tools/bin/../lib/gcc/arm-none-eabi/5.3.1/../../../../arm-none-eabi/lib/armv7-m\libcr_c.a(initio.o)
 .rodata.str1.1
                0x0000462b       0x31 c:/akshay/nxp/lpcxpresso_8.2.0_647/lpcxpresso/tools/bin/../lib/gcc/arm-none-eabi/5.3.1/../../../../arm-none-eabi/lib/armv7-m\libcr_c.a(printf.o)
                                 0x38 (size before relaxing)
 *fill*         0x0000465c        0x4 ff
 .rodata.__huge_vall
                0x00004660        0x8 c:/akshay/nxp/lpcxpresso_8.2.0_647/lpcxpresso/tools/bin/../lib/gcc/arm-none-eabi/5.3.1/../../../../arm-none-eabi/lib/armv7-m\libcr_c.a(_hugeval.o)
                0x00004660                __huge_vall
 .rodata.__ctype
                0x00004668      0x180 c:/akshay/nxp/lpcxpresso_8.2.0_647/lpcxpresso/tools/bin/../lib/gcc/arm-none-eabi/5.3.1/../../../../arm-none-eabi/lib/armv7-m\libcr_c.a(ctype.o)
                0x00004668                __ctype
                0x000047e8                . = ALIGN (0x4)

.glue_7         0x000047e8        0x0
 .glue_7        0x000047e8        0x0 linker stubs

.glue_7t        0x000047e8        0x0
 .glue_7t       0x000047e8        0x0 linker stubs

.vfp11_veneer   0x000047e8        0x0
 .vfp11_veneer  0x000047e8        0x0 linker stubs

.v4_bx          0x000047e8        0x0
 .v4_bx         0x000047e8        0x0 linker stubs

.iplt           0x000047e8        0x0
 .iplt          0x000047e8        0x0 ./src/Common.o

.rel.dyn        0x000047e8        0x0
 .rel.iplt      0x000047e8        0x0 ./src/Common.o

.ARM.extab
 *(.ARM.extab* .gnu.linkonce.armextab.*)
                0x000047e8                __exidx_start = .

.ARM.exidx
 *(.ARM.exidx* .gnu.linkonce.armexidx.*)
                0x000047e8                __exidx_end = .
                0x000047e8                _etext = .

.data_RAM2      0x2007c000        0x0 load address 0x000047e8
 FILL mask 0xff
                [!provide]                PROVIDE (__start_data_RAM2, .)
 *(.ramfunc.$RAM2)
 *(.ramfunc.$RamAHB32)
 *(.data.$RAM2*)
 *(.data.$RamAHB32*)
                0x2007c000                . = ALIGN (0x4)
                [!provide]                PROVIDE (__end_data_RAM2, .)

.uninit_RESERVED
                0x10000000        0x0
 *(.bss.$RESERVED*)
                0x10000000                . = ALIGN (0x4)
                0x10000000                _end_uninit_RESERVED = .

.data           0x10000000       0x20 load address 0x000047e8
 FILL mask 0xff
                0x10000000                _data = .
 *(vtable)
 *(.ramfunc*)
 *(.data*)
 .data.sizeOfsyncField
                0x10000000        0x4 ./src/Lisa.o
                0x10000000                sizeOfsyncField
 .data.receiveBufferLength
                0x10000004        0x4 ./src/Lisa.o
                0x10000004                receiveBufferLength
 .data.bitCount
                0x10000008        0x4 ./src/Lisa.o
                0x10000008                bitCount
 .data.receiverBitCounter
                0x1000000c        0x4 ./src/Lisa.o
                0x1000000c                receiverBitCounter
 .data.transmitBitCounter
                0x10000010        0x4 ./src/Lisa.o
                0x10000010                transmitBitCounter
 .data.acknowledgement
                0x10000014        0x4 ./src/Lisa.o
                0x10000014                acknowledgement
 .data.posinf.4427
                0x10000018        0x4 c:/akshay/nxp/lpcxpresso_8.2.0_647/lpcxpresso/tools/bin/../lib/gcc/arm-none-eabi/5.3.1/../../../../arm-none-eabi/lib/armv7-m\libcr_c.a(scanf.o)
 .data.neginf.4428
                0x1000001c        0x4 c:/akshay/nxp/lpcxpresso_8.2.0_647/lpcxpresso/tools/bin/../lib/gcc/arm-none-eabi/5.3.1/../../../../arm-none-eabi/lib/armv7-m\libcr_c.a(scanf.o)
                0x10000020                . = ALIGN (0x4)
                0x10000020                _edata = .

.igot.plt       0x10000020        0x0 load address 0x00004808
 .igot.plt      0x10000020        0x0 ./src/Common.o

.bss_RAM2       0x2007c000        0x0
                [!provide]                PROVIDE (__start_bss_RAM2, .)
 *(.bss.$RAM2*)
 *(.bss.$RamAHB32*)
                0x2007c000                . = ALIGN ((. != 0x0)?0x4:0x1)
                [!provide]                PROVIDE (__end_bss_RAM2, .)

.bss            0x10000020      0xdb4
                0x10000020                _bss = .
 *(.bss*)
 .bss.TransmitBuffer
                0x10000020      0x400 ./src/Lisa.o
                0x10000020                TransmitBuffer
 .bss.TransmittedData
                0x10000420       0x1e ./src/Lisa.o
                0x10000420                TransmittedData
 *fill*         0x1000043e        0x2 
 .bss.transmitBufferLength
                0x10000440        0x4 ./src/Lisa.o
                0x10000440                transmitBufferLength
 .bss.transmitDataLength
                0x10000444        0x4 ./src/Lisa.o
                0x10000444                transmitDataLength
 .bss.scrambleAndDescrambleOrder
                0x10000448        0x1 ./src/Lisa.o
                0x10000448                scrambleAndDescrambleOrder
 *fill*         0x10000449        0x3 
 .bss.ReceiveBuffer
                0x1000044c      0x400 ./src/Lisa.o
                0x1000044c                ReceiveBuffer
 .bss.Buffer    0x1000084c      0x400 ./src/Lisa.o
                0x1000084c                Buffer
 .bss.ReceivedData
                0x10000c4c        0x4 ./src/Lisa.o
                0x10000c4c                ReceivedData
 .bss.receivedDataLength
                0x10000c50        0x4 ./src/Lisa.o
                0x10000c50                receivedDataLength
 .bss.actualDataLength
                0x10000c54        0x4 ./src/Lisa.o
                0x10000c54                actualDataLength
 .bss.bitReceived
                0x10000c58        0x4 ./src/Lisa.o
                0x10000c58                bitReceived
 .bss.receiveBufferFull
                0x10000c5c        0x4 ./src/Lisa.o
                0x10000c5c                receiveBufferFull
 .bss.bitReadyForTransmit
                0x10000c60        0x4 ./src/Lisa.o
                0x10000c60                bitReadyForTransmit
 .bss.dataReceived
                0x10000c64        0x4 ./src/Lisa.o
                0x10000c64                dataReceived
 .bss.receiverBufferCounter
                0x10000c68        0x4 ./src/Lisa.o
                0x10000c68                receiverBufferCounter
 .bss.transmitBufferCounter
                0x10000c6c        0x4 ./src/Lisa.o
                0x10000c6c                transmitBufferCounter
 .bss.sync_field_count
                0x10000c70        0x4 ./src/ReceiverSource.o
                0x10000c70                sync_field_count
 .bss.pinValue.5264
                0x10000c74        0x1 ./src/ReceiverSource.o
 *fill*         0x10000c75        0x3 
 .bss.retValues.5272
                0x10000c78        0xc ./src/ReceiverSource.o
 .bss._extra    0x10000c84        0x4 c:/akshay/nxp/lpcxpresso_8.2.0_647/lpcxpresso/tools/bin/../lib/gcc/arm-none-eabi/5.3.1/../../../../arm-none-eabi/lib/armv7-m\libcr_c.a(initio.o)
                0x10000c84                _extra
 .bss.__Ciob    0x10000c88      0x140 c:/akshay/nxp/lpcxpresso_8.2.0_647/lpcxpresso/tools/bin/../lib/gcc/arm-none-eabi/5.3.1/../../../../arm-none-eabi/lib/armv7-m\libcr_c.a(stdio.o)
                0x10000c88                __Ciob
 .bss.__heaps   0x10000dc8        0x4 c:/akshay/nxp/lpcxpresso_8.2.0_647/lpcxpresso/tools/bin/../lib/gcc/arm-none-eabi/5.3.1/../../../../arm-none-eabi/lib/armv7-m\libcr_c.a(__init_alloc.o)
                0x10000dc8                __heaps
 .bss.__end_of_heap
                0x10000dcc        0x4 c:/akshay/nxp/lpcxpresso_8.2.0_647/lpcxpresso/tools/bin/../lib/gcc/arm-none-eabi/5.3.1/../../../../arm-none-eabi/lib/armv7-m\libcr_c.a(__init_alloc.o)
                0x10000dcc                __end_of_heap
 .bss.errno     0x10000dd0        0x4 c:/akshay/nxp/lpcxpresso_8.2.0_647/lpcxpresso/tools/bin/../lib/gcc/arm-none-eabi/5.3.1/../../../../arm-none-eabi/lib/armv7-m\libcr_c.a(errno.o)
                0x10000dd0                errno
 *(COMMON)
                0x10000dd4                . = ALIGN (0x4)
                0x10000dd4                _ebss = .
                [!provide]                PROVIDE (end, .)

.noinit_RAM2    0x2007c000        0x0
 *(.noinit.$RAM2*)
 *(.noinit.$RamAHB32*)
                0x2007c000                . = ALIGN (0x4)

.noinit         0x10000dd4        0x0
                0x10000dd4                _noinit = .
 *(.noinit*)
                0x10000dd4                . = ALIGN (0x4)
                0x10000dd4                _end_noinit = .
                0x10000dd4                PROVIDE (_pvHeapStart, DEFINED (__user_heap_base)?__user_heap_base:.)
                0x10008000                PROVIDE (_vStackTop, DEFINED (__user_stack_top)?__user_stack_top:(__top_RamLoc32 - 0x0))
                0xefff74b2                PROVIDE (__valid_user_code_checksum, (0x0 - ((((((_vStackTop + (ResetISR + 0x1)) + (NMI_Handler + 0x1)) + (HardFault_Handler + 0x1)) + (DEFINED (MemManage_Handler)?MemManage_Handler:0x0 + 0x1)) + (DEFINED (BusFault_Handler)?BusFault_Handler:0x0 + 0x1)) + (DEFINED (UsageFault_Handler)?UsageFault_Handler:0x0 + 0x1))))
OUTPUT(Lisa.axf elf32-littlearm)

.debug_info     0x00000000     0x219e
 .debug_info    0x00000000      0x1a9 ./src/Common.o
 .debug_info    0x000001a9      0xd92 ./src/Lisa.o
 .debug_info    0x00000f3b      0x79e ./src/ReceiverSource.o
 .debug_info    0x000016d9      0x51b ./src/TransmitterSource.o
 .debug_info    0x00001bf4      0x253 ./src/cr_startup_lpc175x_6x.o
 .debug_info    0x00001e47       0x3f ./src/crp.o
 .debug_info    0x00001e86      0x318 C:\Users\Akshay\Desktop\245\testworkspace\workspace\CMSIS_CORE_LPC17xx\Debug\libCMSIS_CORE_LPC17xx.a(system_LPC17xx.o)

.debug_abbrev   0x00000000      0x850
 .debug_abbrev  0x00000000       0xc1 ./src/Common.o
 .debug_abbrev  0x000000c1      0x23e ./src/Lisa.o
 .debug_abbrev  0x000002ff      0x1fa ./src/ReceiverSource.o
 .debug_abbrev  0x000004f9      0x146 ./src/TransmitterSource.o
 .debug_abbrev  0x0000063f       0xf5 ./src/cr_startup_lpc175x_6x.o
 .debug_abbrev  0x00000734       0x36 ./src/crp.o
 .debug_abbrev  0x0000076a       0xe6 C:\Users\Akshay\Desktop\245\testworkspace\workspace\CMSIS_CORE_LPC17xx\Debug\libCMSIS_CORE_LPC17xx.a(system_LPC17xx.o)

.debug_aranges  0x00000000      0x1a8
 .debug_aranges
                0x00000000       0x28 ./src/Common.o
 .debug_aranges
                0x00000028       0x40 ./src/Lisa.o
 .debug_aranges
                0x00000068       0x48 ./src/ReceiverSource.o
 .debug_aranges
                0x000000b0       0x38 ./src/TransmitterSource.o
 .debug_aranges
                0x000000e8       0x80 ./src/cr_startup_lpc175x_6x.o
 .debug_aranges
                0x00000168       0x18 ./src/crp.o
 .debug_aranges
                0x00000180       0x28 C:\Users\Akshay\Desktop\245\testworkspace\workspace\CMSIS_CORE_LPC17xx\Debug\libCMSIS_CORE_LPC17xx.a(system_LPC17xx.o)

.debug_ranges   0x00000000      0x130
 .debug_ranges  0x00000000       0x18 ./src/Common.o
 .debug_ranges  0x00000018       0x30 ./src/Lisa.o
 .debug_ranges  0x00000048       0x38 ./src/ReceiverSource.o
 .debug_ranges  0x00000080       0x28 ./src/TransmitterSource.o
 .debug_ranges  0x000000a8       0x70 ./src/cr_startup_lpc175x_6x.o
 .debug_ranges  0x00000118       0x18 C:\Users\Akshay\Desktop\245\testworkspace\workspace\CMSIS_CORE_LPC17xx\Debug\libCMSIS_CORE_LPC17xx.a(system_LPC17xx.o)

.debug_macro    0x00000000     0x2d0f
 .debug_macro   0x00000000       0x4f ./src/Common.o
 .debug_macro   0x0000004f      0x892 ./src/Common.o
 .debug_macro   0x000008e1       0x10 ./src/Common.o
 .debug_macro   0x000008f1      0x12d ./src/Common.o
 .debug_macro   0x00000a1e      0x5b2 ./src/Common.o
 .debug_macro   0x00000fd0       0x70 ./src/Common.o
 .debug_macro   0x00001040       0xce ./src/Lisa.o
 .debug_macro   0x0000110e       0x1c ./src/Lisa.o
 .debug_macro   0x0000112a       0x3a ./src/Lisa.o
 .debug_macro   0x00001164       0x2d ./src/Lisa.o
 .debug_macro   0x00001191      0xbb1 ./src/Lisa.o
 .debug_macro   0x00001d42      0x2c7 ./src/Lisa.o
 .debug_macro   0x00002009       0x82 ./src/Lisa.o
 .debug_macro   0x0000208b       0xa0 ./src/Lisa.o
 .debug_macro   0x0000212b       0x22 ./src/Lisa.o
 .debug_macro   0x0000214d       0xc5 ./src/ReceiverSource.o
 .debug_macro   0x00002212       0xb1 ./src/TransmitterSource.o
 .debug_macro   0x000022c3       0x28 ./src/TransmitterSource.o
 .debug_macro   0x000022eb       0x1d ./src/cr_startup_lpc175x_6x.o
 .debug_macro   0x00002308       0x1a ./src/crp.o
 .debug_macro   0x00002322       0x34 ./src/crp.o
 .debug_macro   0x00002356      0x12d C:\Users\Akshay\Desktop\245\testworkspace\workspace\CMSIS_CORE_LPC17xx\Debug\libCMSIS_CORE_LPC17xx.a(system_LPC17xx.o)
 .debug_macro   0x00002483      0x88c C:\Users\Akshay\Desktop\245\testworkspace\workspace\CMSIS_CORE_LPC17xx\Debug\libCMSIS_CORE_LPC17xx.a(system_LPC17xx.o)

.debug_line     0x00000000      0xfea
 .debug_line    0x00000000      0x1bb ./src/Common.o
 .debug_line    0x000001bb      0x38b ./src/Lisa.o
 .debug_line    0x00000546      0x3f0 ./src/ReceiverSource.o
 .debug_line    0x00000936      0x33b ./src/TransmitterSource.o
 .debug_line    0x00000c71       0xd5 ./src/cr_startup_lpc175x_6x.o
 .debug_line    0x00000d46       0x7f ./src/crp.o
 .debug_line    0x00000dc5      0x225 C:\Users\Akshay\Desktop\245\testworkspace\workspace\CMSIS_CORE_LPC17xx\Debug\libCMSIS_CORE_LPC17xx.a(system_LPC17xx.o)

.debug_str      0x00000000     0xb0ba
 .debug_str     0x00000000     0x3e37 ./src/Common.o
                               0x3ebf (size before relaxing)
 .debug_str     0x00003e37     0x6858 ./src/Lisa.o
                               0xa689 (size before relaxing)
 .debug_str     0x0000a68f      0x2a9 ./src/ReceiverSource.o
                               0xa09e (size before relaxing)
 .debug_str     0x0000a938       0xca ./src/TransmitterSource.o
                               0x9eef (size before relaxing)
 .debug_str     0x0000aa02      0x1c2 ./src/cr_startup_lpc175x_6x.o
                               0x26d8 (size before relaxing)
 .debug_str     0x0000abc4       0xe9 ./src/crp.o
                               0x25f0 (size before relaxing)
 .debug_str     0x0000acad      0x40d C:\Users\Akshay\Desktop\245\testworkspace\workspace\CMSIS_CORE_LPC17xx\Debug\libCMSIS_CORE_LPC17xx.a(system_LPC17xx.o)
                               0x99b5 (size before relaxing)

.comment        0x00000000       0xdc
 .comment       0x00000000       0x6e ./src/Common.o
                                 0x6f (size before relaxing)
 .comment       0x0000006e       0x6f ./src/Lisa.o
 .comment       0x0000006e       0x6f ./src/ReceiverSource.o
 .comment       0x0000006e       0x6f ./src/TransmitterSource.o
 .comment       0x0000006e       0x6f ./src/cr_startup_lpc175x_6x.o
 .comment       0x0000006e       0x6f ./src/crp.o
 .comment       0x0000006e       0x6f C:\Users\Akshay\Desktop\245\testworkspace\workspace\CMSIS_CORE_LPC17xx\Debug\libCMSIS_CORE_LPC17xx.a(system_LPC17xx.o)
 .comment       0x0000006e       0x6e c:/akshay/nxp/lpcxpresso_8.2.0_647/lpcxpresso/tools/bin/../lib/gcc/arm-none-eabi/5.3.1/../../../../arm-none-eabi/lib/armv7-m\libcr_semihost.a(_cr__main.o)
                                 0x6f (size before relaxing)
 .comment       0x000000dc       0x6f c:/akshay/nxp/lpcxpresso_8.2.0_647/lpcxpresso/tools/bin/../lib/gcc/arm-none-eabi/5.3.1/../../../../arm-none-eabi/lib/armv7-m\libcr_c.a(alloc.o)
 .comment       0x000000dc       0x6f c:/akshay/nxp/lpcxpresso_8.2.0_647/lpcxpresso/tools/bin/../lib/gcc/arm-none-eabi/5.3.1/../../../../arm-none-eabi/lib/armv7-m\libcr_c.a(fpprintf.o)
 .comment       0x000000dc       0x6f c:/akshay/nxp/lpcxpresso_8.2.0_647/lpcxpresso/tools/bin/../lib/gcc/arm-none-eabi/5.3.1/../../../../arm-none-eabi/lib/armv7-m\libcr_c.a(initio.o)
 .comment       0x000000dc       0x6f c:/akshay/nxp/lpcxpresso_8.2.0_647/lpcxpresso/tools/bin/../lib/gcc/arm-none-eabi/5.3.1/../../../../arm-none-eabi/lib/armv7-m\libcr_c.a(printf.o)
 .comment       0x000000dc       0x6f c:/akshay/nxp/lpcxpresso_8.2.0_647/lpcxpresso/tools/bin/../lib/gcc/arm-none-eabi/5.3.1/../../../../arm-none-eabi/lib/armv7-m\libcr_c.a(scanf.o)
 .comment       0x000000dc       0x6f c:/akshay/nxp/lpcxpresso_8.2.0_647/lpcxpresso/tools/bin/../lib/gcc/arm-none-eabi/5.3.1/../../../../arm-none-eabi/lib/armv7-m\libcr_c.a(setvbuf.o)
 .comment       0x000000dc       0x6f c:/akshay/nxp/lpcxpresso_8.2.0_647/lpcxpresso/tools/bin/../lib/gcc/arm-none-eabi/5.3.1/../../../../arm-none-eabi/lib/armv7-m\libcr_c.a(stdio.o)
 .comment       0x000000dc       0x6f c:/akshay/nxp/lpcxpresso_8.2.0_647/lpcxpresso/tools/bin/../lib/gcc/arm-none-eabi/5.3.1/../../../../arm-none-eabi/lib/armv7-m\libcr_c.a(strlen.o)
 .comment       0x000000dc       0x6f c:/akshay/nxp/lpcxpresso_8.2.0_647/lpcxpresso/tools/bin/../lib/gcc/arm-none-eabi/5.3.1/../../../../arm-none-eabi/lib/armv7-m\libcr_c.a(ungetc.o)
 .comment       0x000000dc       0x6f c:/akshay/nxp/lpcxpresso_8.2.0_647/lpcxpresso/tools/bin/../lib/gcc/arm-none-eabi/5.3.1/../../../../arm-none-eabi/lib/armv7-m\libcr_c.a(memset.o)
 .comment       0x000000dc       0x6f c:/akshay/nxp/lpcxpresso_8.2.0_647/lpcxpresso/tools/bin/../lib/gcc/arm-none-eabi/5.3.1/../../../../arm-none-eabi/lib/armv7-m\libcr_c.a(__fillbuf.o)
 .comment       0x000000dc       0x6f c:/akshay/nxp/lpcxpresso_8.2.0_647/lpcxpresso/tools/bin/../lib/gcc/arm-none-eabi/5.3.1/../../../../arm-none-eabi/lib/armv7-m\libcr_c.a(__init_alloc.o)
 .comment       0x000000dc       0x6f c:/akshay/nxp/lpcxpresso_8.2.0_647/lpcxpresso/tools/bin/../lib/gcc/arm-none-eabi/5.3.1/../../../../arm-none-eabi/lib/armv7-m\libcr_c.a(_cr_sbrk.o)
 .comment       0x000000dc       0x6f c:/akshay/nxp/lpcxpresso_8.2.0_647/lpcxpresso/tools/bin/../lib/gcc/arm-none-eabi/5.3.1/../../../../arm-none-eabi/lib/armv7-m\libcr_c.a(_deferredlazyseek.o)
 .comment       0x000000dc       0x6f c:/akshay/nxp/lpcxpresso_8.2.0_647/lpcxpresso/tools/bin/../lib/gcc/arm-none-eabi/5.3.1/../../../../arm-none-eabi/lib/armv7-m\libcr_c.a(_fdopen.o)
 .comment       0x000000dc       0x6f c:/akshay/nxp/lpcxpresso_8.2.0_647/lpcxpresso/tools/bin/../lib/gcc/arm-none-eabi/5.3.1/../../../../arm-none-eabi/lib/armv7-m\libcr_c.a(_fflush.o)
 .comment       0x000000dc       0x6f c:/akshay/nxp/lpcxpresso_8.2.0_647/lpcxpresso/tools/bin/../lib/gcc/arm-none-eabi/5.3.1/../../../../arm-none-eabi/lib/armv7-m\libcr_c.a(_frexpl.o)
 .comment       0x000000dc       0x6f c:/akshay/nxp/lpcxpresso_8.2.0_647/lpcxpresso/tools/bin/../lib/gcc/arm-none-eabi/5.3.1/../../../../arm-none-eabi/lib/armv7-m\libcr_c.a(_hugeval.o)
 .comment       0x000000dc       0x6f c:/akshay/nxp/lpcxpresso_8.2.0_647/lpcxpresso/tools/bin/../lib/gcc/arm-none-eabi/5.3.1/../../../../arm-none-eabi/lib/armv7-m\libcr_c.a(_ldexpl.o)
 .comment       0x000000dc       0x6f c:/akshay/nxp/lpcxpresso_8.2.0_647/lpcxpresso/tools/bin/../lib/gcc/arm-none-eabi/5.3.1/../../../../arm-none-eabi/lib/armv7-m\libcr_c.a(_writebuf.o)
 .comment       0x000000dc       0x6f c:/akshay/nxp/lpcxpresso_8.2.0_647/lpcxpresso/tools/bin/../lib/gcc/arm-none-eabi/5.3.1/../../../../arm-none-eabi/lib/armv7-m\libcr_c.a(ctype.o)
 .comment       0x000000dc       0x6f c:/akshay/nxp/lpcxpresso_8.2.0_647/lpcxpresso/tools/bin/../lib/gcc/arm-none-eabi/5.3.1/../../../../arm-none-eabi/lib/armv7-m\libcr_c.a(errno.o)
 .comment       0x000000dc       0x6f c:/akshay/nxp/lpcxpresso_8.2.0_647/lpcxpresso/tools/bin/../lib/gcc/arm-none-eabi/5.3.1/../../../../arm-none-eabi/lib/armv7-m\libcr_c.a(fclose.o)
 .comment       0x000000dc       0x6f c:/akshay/nxp/lpcxpresso_8.2.0_647/lpcxpresso/tools/bin/../lib/gcc/arm-none-eabi/5.3.1/../../../../arm-none-eabi/lib/armv7-m\libcr_c.a(fflush.o)
 .comment       0x000000dc       0x6f c:/akshay/nxp/lpcxpresso_8.2.0_647/lpcxpresso/tools/bin/../lib/gcc/arm-none-eabi/5.3.1/../../../../arm-none-eabi/lib/armv7-m\libcr_c.a(fseek.o)
 .comment       0x000000dc       0x6f c:/akshay/nxp/lpcxpresso_8.2.0_647/lpcxpresso/tools/bin/../lib/gcc/arm-none-eabi/5.3.1/../../../../arm-none-eabi/lib/armv7-m\libcr_c.a(ftell.o)
 .comment       0x000000dc       0x6f c:/akshay/nxp/lpcxpresso_8.2.0_647/lpcxpresso/tools/bin/../lib/gcc/arm-none-eabi/5.3.1/../../../../arm-none-eabi/lib/armv7-m\libcr_c.a(remove.o)
 .comment       0x000000dc       0x6f c:/akshay/nxp/lpcxpresso_8.2.0_647/lpcxpresso/tools/bin/../lib/gcc/arm-none-eabi/5.3.1/../../../../arm-none-eabi/lib/armv7-m\libcr_c.a(_cr_check_heap.o)
 .comment       0x000000dc       0x6f c:/akshay/nxp/lpcxpresso_8.2.0_647/lpcxpresso/tools/bin/../lib/gcc/arm-none-eabi/5.3.1/../../../../arm-none-eabi/lib/armv7-m\libcr_c.a(_do_fflush.o)
 .comment       0x000000dc       0x6f c:/akshay/nxp/lpcxpresso_8.2.0_647/lpcxpresso/tools/bin/../lib/gcc/arm-none-eabi/5.3.1/armv7-m\libcr_eabihelpers.a(double.o)

.ARM.attributes
                0x00000000       0x31
 .ARM.attributes
                0x00000000       0x33 ./src/Common.o
 .ARM.attributes
                0x00000033       0x33 ./src/Lisa.o
 .ARM.attributes
                0x00000066       0x33 ./src/ReceiverSource.o
 .ARM.attributes
                0x00000099       0x33 ./src/TransmitterSource.o
 .ARM.attributes
                0x000000cc       0x33 ./src/cr_startup_lpc175x_6x.o
 .ARM.attributes
                0x000000ff       0x33 ./src/crp.o
 .ARM.attributes
                0x00000132       0x33 C:\Users\Akshay\Desktop\245\testworkspace\workspace\CMSIS_CORE_LPC17xx\Debug\libCMSIS_CORE_LPC17xx.a(system_LPC17xx.o)
 .ARM.attributes
                0x00000165       0x33 c:/akshay/nxp/lpcxpresso_8.2.0_647/lpcxpresso/tools/bin/../lib/gcc/arm-none-eabi/5.3.1/../../../../arm-none-eabi/lib/armv7-m\libcr_semihost.a(_cr__main.o)
 .ARM.attributes
                0x00000198       0x33 c:/akshay/nxp/lpcxpresso_8.2.0_647/lpcxpresso/tools/bin/../lib/gcc/arm-none-eabi/5.3.1/../../../../arm-none-eabi/lib/armv7-m\libcr_c.a(alloc.o)
 .ARM.attributes
                0x000001cb       0x33 c:/akshay/nxp/lpcxpresso_8.2.0_647/lpcxpresso/tools/bin/../lib/gcc/arm-none-eabi/5.3.1/../../../../arm-none-eabi/lib/armv7-m\libcr_c.a(fpprintf.o)
 .ARM.attributes
                0x000001fe       0x33 c:/akshay/nxp/lpcxpresso_8.2.0_647/lpcxpresso/tools/bin/../lib/gcc/arm-none-eabi/5.3.1/../../../../arm-none-eabi/lib/armv7-m\libcr_c.a(initio.o)
 .ARM.attributes
                0x00000231       0x33 c:/akshay/nxp/lpcxpresso_8.2.0_647/lpcxpresso/tools/bin/../lib/gcc/arm-none-eabi/5.3.1/../../../../arm-none-eabi/lib/armv7-m\libcr_c.a(printf.o)
 .ARM.attributes
                0x00000264       0x33 c:/akshay/nxp/lpcxpresso_8.2.0_647/lpcxpresso/tools/bin/../lib/gcc/arm-none-eabi/5.3.1/../../../../arm-none-eabi/lib/armv7-m\libcr_c.a(scanf.o)
 .ARM.attributes
                0x00000297       0x33 c:/akshay/nxp/lpcxpresso_8.2.0_647/lpcxpresso/tools/bin/../lib/gcc/arm-none-eabi/5.3.1/../../../../arm-none-eabi/lib/armv7-m\libcr_c.a(setvbuf.o)
 .ARM.attributes
                0x000002ca       0x33 c:/akshay/nxp/lpcxpresso_8.2.0_647/lpcxpresso/tools/bin/../lib/gcc/arm-none-eabi/5.3.1/../../../../arm-none-eabi/lib/armv7-m\libcr_c.a(stdio.o)
 .ARM.attributes
                0x000002fd       0x33 c:/akshay/nxp/lpcxpresso_8.2.0_647/lpcxpresso/tools/bin/../lib/gcc/arm-none-eabi/5.3.1/../../../../arm-none-eabi/lib/armv7-m\libcr_c.a(strlen.o)
 .ARM.attributes
                0x00000330       0x33 c:/akshay/nxp/lpcxpresso_8.2.0_647/lpcxpresso/tools/bin/../lib/gcc/arm-none-eabi/5.3.1/../../../../arm-none-eabi/lib/armv7-m\libcr_c.a(ungetc.o)
 .ARM.attributes
                0x00000363       0x33 c:/akshay/nxp/lpcxpresso_8.2.0_647/lpcxpresso/tools/bin/../lib/gcc/arm-none-eabi/5.3.1/../../../../arm-none-eabi/lib/armv7-m\libcr_c.a(memset.o)
 .ARM.attributes
                0x00000396       0x33 c:/akshay/nxp/lpcxpresso_8.2.0_647/lpcxpresso/tools/bin/../lib/gcc/arm-none-eabi/5.3.1/../../../../arm-none-eabi/lib/armv7-m\libcr_c.a(__fillbuf.o)
 .ARM.attributes
                0x000003c9       0x33 c:/akshay/nxp/lpcxpresso_8.2.0_647/lpcxpresso/tools/bin/../lib/gcc/arm-none-eabi/5.3.1/../../../../arm-none-eabi/lib/armv7-m\libcr_c.a(__init_alloc.o)
 .ARM.attributes
                0x000003fc       0x33 c:/akshay/nxp/lpcxpresso_8.2.0_647/lpcxpresso/tools/bin/../lib/gcc/arm-none-eabi/5.3.1/../../../../arm-none-eabi/lib/armv7-m\libcr_c.a(_cr_sbrk.o)
 .ARM.attributes
                0x0000042f       0x33 c:/akshay/nxp/lpcxpresso_8.2.0_647/lpcxpresso/tools/bin/../lib/gcc/arm-none-eabi/5.3.1/../../../../arm-none-eabi/lib/armv7-m\libcr_c.a(_deferredlazyseek.o)
 .ARM.attributes
                0x00000462       0x33 c:/akshay/nxp/lpcxpresso_8.2.0_647/lpcxpresso/tools/bin/../lib/gcc/arm-none-eabi/5.3.1/../../../../arm-none-eabi/lib/armv7-m\libcr_c.a(_fdopen.o)
 .ARM.attributes
                0x00000495       0x33 c:/akshay/nxp/lpcxpresso_8.2.0_647/lpcxpresso/tools/bin/../lib/gcc/arm-none-eabi/5.3.1/../../../../arm-none-eabi/lib/armv7-m\libcr_c.a(_fflush.o)
 .ARM.attributes
                0x000004c8       0x33 c:/akshay/nxp/lpcxpresso_8.2.0_647/lpcxpresso/tools/bin/../lib/gcc/arm-none-eabi/5.3.1/../../../../arm-none-eabi/lib/armv7-m\libcr_c.a(_frexpl.o)
 .ARM.attributes
                0x000004fb       0x33 c:/akshay/nxp/lpcxpresso_8.2.0_647/lpcxpresso/tools/bin/../lib/gcc/arm-none-eabi/5.3.1/../../../../arm-none-eabi/lib/armv7-m\libcr_c.a(_hugeval.o)
 .ARM.attributes
                0x0000052e       0x33 c:/akshay/nxp/lpcxpresso_8.2.0_647/lpcxpresso/tools/bin/../lib/gcc/arm-none-eabi/5.3.1/../../../../arm-none-eabi/lib/armv7-m\libcr_c.a(_ldexpl.o)
 .ARM.attributes
                0x00000561       0x33 c:/akshay/nxp/lpcxpresso_8.2.0_647/lpcxpresso/tools/bin/../lib/gcc/arm-none-eabi/5.3.1/../../../../arm-none-eabi/lib/armv7-m\libcr_c.a(_writebuf.o)
 .ARM.attributes
                0x00000594       0x33 c:/akshay/nxp/lpcxpresso_8.2.0_647/lpcxpresso/tools/bin/../lib/gcc/arm-none-eabi/5.3.1/../../../../arm-none-eabi/lib/armv7-m\libcr_c.a(ctype.o)
 .ARM.attributes
                0x000005c7       0x33 c:/akshay/nxp/lpcxpresso_8.2.0_647/lpcxpresso/tools/bin/../lib/gcc/arm-none-eabi/5.3.1/../../../../arm-none-eabi/lib/armv7-m\libcr_c.a(errno.o)
 .ARM.attributes
                0x000005fa       0x33 c:/akshay/nxp/lpcxpresso_8.2.0_647/lpcxpresso/tools/bin/../lib/gcc/arm-none-eabi/5.3.1/../../../../arm-none-eabi/lib/armv7-m\libcr_c.a(fclose.o)
 .ARM.attributes
                0x0000062d       0x33 c:/akshay/nxp/lpcxpresso_8.2.0_647/lpcxpresso/tools/bin/../lib/gcc/arm-none-eabi/5.3.1/../../../../arm-none-eabi/lib/armv7-m\libcr_c.a(fflush.o)
 .ARM.attributes
                0x00000660       0x33 c:/akshay/nxp/lpcxpresso_8.2.0_647/lpcxpresso/tools/bin/../lib/gcc/arm-none-eabi/5.3.1/../../../../arm-none-eabi/lib/armv7-m\libcr_c.a(fseek.o)
 .ARM.attributes
                0x00000693       0x33 c:/akshay/nxp/lpcxpresso_8.2.0_647/lpcxpresso/tools/bin/../lib/gcc/arm-none-eabi/5.3.1/../../../../arm-none-eabi/lib/armv7-m\libcr_c.a(ftell.o)
 .ARM.attributes
                0x000006c6       0x33 c:/akshay/nxp/lpcxpresso_8.2.0_647/lpcxpresso/tools/bin/../lib/gcc/arm-none-eabi/5.3.1/../../../../arm-none-eabi/lib/armv7-m\libcr_c.a(remove.o)
 .ARM.attributes
                0x000006f9       0x33 c:/akshay/nxp/lpcxpresso_8.2.0_647/lpcxpresso/tools/bin/../lib/gcc/arm-none-eabi/5.3.1/../../../../arm-none-eabi/lib/armv7-m\libcr_c.a(_cr_check_heap.o)
 .ARM.attributes
                0x0000072c       0x33 c:/akshay/nxp/lpcxpresso_8.2.0_647/lpcxpresso/tools/bin/../lib/gcc/arm-none-eabi/5.3.1/../../../../arm-none-eabi/lib/armv7-m\libcr_c.a(_do_fflush.o)
 .ARM.attributes
                0x0000075f       0x33 c:/akshay/nxp/lpcxpresso_8.2.0_647/lpcxpresso/tools/bin/../lib/gcc/arm-none-eabi/5.3.1/armv7-m\libcr_eabihelpers.a(double.o)
 .ARM.attributes
                0x00000792       0x21 c:/akshay/nxp/lpcxpresso_8.2.0_647/lpcxpresso/tools/bin/../lib/gcc/arm-none-eabi/5.3.1/armv7-m\libcr_eabihelpers.a(memcpy.o)
 .ARM.attributes
                0x000007b3       0x21 c:/akshay/nxp/lpcxpresso_8.2.0_647/lpcxpresso/tools/bin/../lib/gcc/arm-none-eabi/5.3.1/../../../../arm-none-eabi/lib/armv7-m\libcr_semihost.a(__sys_appexit.o)
 .ARM.attributes
                0x000007d4       0x21 c:/akshay/nxp/lpcxpresso_8.2.0_647/lpcxpresso/tools/bin/../lib/gcc/arm-none-eabi/5.3.1/../../../../arm-none-eabi/lib/armv7-m\libcr_semihost.a(__sys_close.o)
 .ARM.attributes
                0x000007f5       0x21 c:/akshay/nxp/lpcxpresso_8.2.0_647/lpcxpresso/tools/bin/../lib/gcc/arm-none-eabi/5.3.1/../../../../arm-none-eabi/lib/armv7-m\libcr_semihost.a(__sys_flen.o)
 .ARM.attributes
                0x00000816       0x21 c:/akshay/nxp/lpcxpresso_8.2.0_647/lpcxpresso/tools/bin/../lib/gcc/arm-none-eabi/5.3.1/../../../../arm-none-eabi/lib/armv7-m\libcr_semihost.a(__sys_istty.o)
 .ARM.attributes
                0x00000837       0x21 c:/akshay/nxp/lpcxpresso_8.2.0_647/lpcxpresso/tools/bin/../lib/gcc/arm-none-eabi/5.3.1/../../../../arm-none-eabi/lib/armv7-m\libcr_semihost.a(__sys_read.o)
 .ARM.attributes
                0x00000858       0x21 c:/akshay/nxp/lpcxpresso_8.2.0_647/lpcxpresso/tools/bin/../lib/gcc/arm-none-eabi/5.3.1/../../../../arm-none-eabi/lib/armv7-m\libcr_semihost.a(__sys_readc.o)
 .ARM.attributes
                0x00000879       0x21 c:/akshay/nxp/lpcxpresso_8.2.0_647/lpcxpresso/tools/bin/../lib/gcc/arm-none-eabi/5.3.1/../../../../arm-none-eabi/lib/armv7-m\libcr_semihost.a(__sys_remove.o)
 .ARM.attributes
                0x0000089a       0x21 c:/akshay/nxp/lpcxpresso_8.2.0_647/lpcxpresso/tools/bin/../lib/gcc/arm-none-eabi/5.3.1/../../../../arm-none-eabi/lib/armv7-m\libcr_semihost.a(__sys_seek.o)
 .ARM.attributes
                0x000008bb       0x21 c:/akshay/nxp/lpcxpresso_8.2.0_647/lpcxpresso/tools/bin/../lib/gcc/arm-none-eabi/5.3.1/../../../../arm-none-eabi/lib/armv7-m\libcr_semihost.a(__sys_tmpnam.o)
 .ARM.attributes
                0x000008dc       0x21 c:/akshay/nxp/lpcxpresso_8.2.0_647/lpcxpresso/tools/bin/../lib/gcc/arm-none-eabi/5.3.1/../../../../arm-none-eabi/lib/armv7-m\libcr_semihost.a(__sys_write.o)

.debug_frame    0x00000000      0x464
 .debug_frame   0x00000000       0x5c ./src/Common.o
 .debug_frame   0x0000005c       0xbc ./src/Lisa.o
 .debug_frame   0x00000118       0xf0 ./src/ReceiverSource.o
 .debug_frame   0x00000208       0xb0 ./src/TransmitterSource.o
 .debug_frame   0x000002b8      0x170 ./src/cr_startup_lpc175x_6x.o
 .debug_frame   0x00000428       0x3c C:\Users\Akshay\Desktop\245\testworkspace\workspace\CMSIS_CORE_LPC17xx\Debug\libCMSIS_CORE_LPC17xx.a(system_LPC17xx.o)
