16:55:45 **** Incremental Build of configuration Debug for project Lisa ****
make -r all 
Building file: ../src/ReceiverSource.c
Invoking: MCU C Compiler
arm-none-eabi-gcc -DDEBUG -D__CODE_RED -DCORE_M3 -D__USE_CMSIS=CMSIS_CORE_LPC17xx -D__USE_CMSIS_DSPLIB=CMSIS_DSPLIB_CM3 -D__LPC17XX__ -D__REDLIB__ -I"D:\Career\4 - MS\Sem 3 - Fall 2016\CMPE 245\Codes\Workspace\Lisa\inc" -I"D:\Career\4 - MS\Sem 3 - Fall 2016\CMPE 245\Codes\Workspace\CMSIS_CORE_LPC17xx\inc" -I"D:\Career\4 - MS\Sem 3 - Fall 2016\CMPE 245\Codes\Workspace\CMSIS_DSPLIB_CM3\inc" -O0 -fno-common -g3 -Wall -c -fmessage-length=0 -fno-builtin -ffunction-sections -fdata-sections -mcpu=cortex-m3 -mthumb -specs=redlib.specs -MMD -MP -MF"src/ReceiverSource.d" -MT"src/ReceiverSource.o" -MT"src/ReceiverSource.d" -o "src/ReceiverSource.o" "../src/ReceiverSource.c"
../src/ReceiverSource.c: In function 'FindMessage':
../src/ReceiverSource.c:189:5: warning: implicit declaration of function 'printf' [-Wimplicit-function-declaration]
     printf("error count %d\n", final_error_count);
     ^
../src/ReceiverSource.c:83:7: warning: unused variable 'keyFound' [-Wunused-variable]
  bool keyFound=false;
       ^
../src/ReceiverSource.c:81:10: warning: unused variable 'key_arr' [-Wunused-variable]
  uint8_t key_arr[31];
          ^
../src/ReceiverSource.c: In function 'LISAProcessingReceivedData':
../src/ReceiverSource.c:232:6: warning: unused variable 'bitCounter' [-Wunused-variable]
  int bitCounter = 0;
      ^
../src/ReceiverSource.c:230:61: warning: variable 'secondHalfDetected' set but not used [-Wunused-but-set-variable]
  bool syncFieldDetected = false, firstHalfDetected = false, secondHalfDetected = false, ignoreFourBits = false;
                                                             ^
../src/ReceiverSource.c: In function 'LinearBlockDecoding':
../src/ReceiverSource.c:517:43: warning: unused variable 'encodedByteCount' [-Wunused-variable]
  int firstByteCount, secondByteCount = 0, encodedByteCount, nCount;
                                           ^
../src/ReceiverSource.c: In function 'FindMessage':
../src/ReceiverSource.c:199:1: warning: control reaches end of non-void function [-Wreturn-type]
 }
 ^
../src/ReceiverSource.c:194:17: warning: 'key' may be used uninitialized in this function [-Wmaybe-uninitialized]
    retValues[2] = key;
                 ^
Finished building: ../src/ReceiverSource.c
 
Building target: Lisa.axf
Invoking: MCU Linker
arm-none-eabi-gcc -nostdlib -L"D:\Career\4 - MS\Sem 3 - Fall 2016\CMPE 245\Codes\Workspace\CMSIS_CORE_LPC17xx\Debug" -L"D:\Career\4 - MS\Sem 3 - Fall 2016\CMPE 245\Codes\Workspace\CMSIS_DSPLIB_CM3\lib" -Xlinker -Map="Lisa.map" -Xlinker --gc-sections -Xlinker -print-memory-usage -mcpu=cortex-m3 -mthumb -T "Lisa_Debug.ld" -o "Lisa.axf"  ./src/Common.o ./src/GHmatrix.o ./src/Lisa.o ./src/ReceiverSource.o ./src/TransmitterSource.o ./src/cr_startup_lpc175x_6x.o ./src/crp.o   -lCMSIS_CORE_LPC17xx -lCMSIS_DSPLIB_CM3
Memory region         Used Size  Region Size  %age Used
       MFlash512:       22552 B       512 KB      4.30%
        RamLoc32:        5336 B        32 KB     16.28%
        RamAHB32:          0 GB        32 KB      0.00%
Finished building target: Lisa.axf
 
make --no-print-directory post-build
Performing post-build steps
arm-none-eabi-size "Lisa.axf"; # arm-none-eabi-objcopy -v -O binary "Lisa.axf" "Lisa.bin" ; # checksum -p LPC1769 -d "Lisa.bin";
   text	   data	    bss	    dec	    hex	filename
  22376	    176	   5160	  27712	   6c40	Lisa.axf
 

16:55:46 Build Finished (took 725ms)

