14:16:02 **** Incremental Build of configuration Debug for project Lisa ****
make -r all 
Building file: ../src/Lisa.c
Invoking: MCU C Compiler
arm-none-eabi-gcc -DDEBUG -D__CODE_RED -DCORE_M3 -D__USE_CMSIS=CMSIS_CORE_LPC17xx -D__USE_CMSIS_DSPLIB=CMSIS_DSPLIB_CM3 -D__LPC17XX__ -D__REDLIB__ -I"D:\Career\4 - MS\Sem 3 - Fall 2016\CMPE 245\Codes\Workspace\Lisa\inc" -I"D:\Career\4 - MS\Sem 3 - Fall 2016\CMPE 245\Codes\Workspace\CMSIS_CORE_LPC17xx\inc" -I"D:\Career\4 - MS\Sem 3 - Fall 2016\CMPE 245\Codes\Workspace\CMSIS_DSPLIB_CM3\inc" -O0 -fno-common -g3 -Wall -c -fmessage-length=0 -fno-builtin -ffunction-sections -fdata-sections -mcpu=cortex-m3 -mthumb -specs=redlib.specs -MMD -MP -MF"src/Lisa.d" -MT"src/Lisa.o" -MT"src/Lisa.d" -o "src/Lisa.o" "../src/Lisa.c"
Finished building: ../src/Lisa.c
 
Building target: Lisa.axf
Invoking: MCU Linker
arm-none-eabi-gcc -nostdlib -L"D:\Career\4 - MS\Sem 3 - Fall 2016\CMPE 245\Codes\Workspace\CMSIS_CORE_LPC17xx\Debug" -L"D:\Career\4 - MS\Sem 3 - Fall 2016\CMPE 245\Codes\Workspace\CMSIS_DSPLIB_CM3\lib" -Xlinker -Map="Lisa.map" -Xlinker --gc-sections -Xlinker -print-memory-usage -mcpu=cortex-m3 -mthumb -T "Lisa_Debug.ld" -o "Lisa.axf"  ./src/Common.o ./src/GHmatrix.o ./src/Lisa.o ./src/ReceiverSource.o ./src/TransmitterSource.o ./src/cr_startup_lpc175x_6x.o ./src/crp.o   -lCMSIS_CORE_LPC17xx -lCMSIS_DSPLIB_CM3
Memory region         Used Size  Region Size  %age Used
       MFlash512:       22256 B       512 KB      4.24%
        RamLoc32:        5332 B        32 KB     16.27%
        RamAHB32:          0 GB        32 KB      0.00%
Finished building target: Lisa.axf
 
make --no-print-directory post-build
Performing post-build steps
arm-none-eabi-size "Lisa.axf"; # arm-none-eabi-objcopy -v -O binary "Lisa.axf" "Lisa.bin" ; # checksum -p LPC1769 -d "Lisa.bin";
   text	   data	    bss	    dec	    hex	filename
  22080	    176	   5156	  27412	   6b14	Lisa.axf
 

14:16:02 Build Finished (took 720ms)

